// Vitest Snapshot v1, https://vitest.dev/guide/snapshot.html

exports[`Linear Pipeline — flowchart/01-linear > narrative matches snapshot for userId=42 (alice, veteran member) 1`] = `
[
  "Stage 1: The process began with FetchUser.",
  "  Step 1: Write user = {username, email, joinedAt}",
  "Stage 2: Next, it moved on to EnrichProfile.",
  "  Step 1: Read user = {username, email, joinedAt}",
  "  Step 2: Read user = {username, email, joinedAt}",
  "  Step 3: Read user = {username, email, joinedAt}",
  "  Step 4: Write displayName = "Alice"",
  "  Step 5: Write memberDays = 717",
  "  Step 6: Write tier = "veteran"",
  "Stage 3: Next, it moved on to SendWelcomeEmail.",
  "  Step 1: Read tier = "veteran"",
  "  Step 2: Read displayName = "Alice"",
  "  Step 3: Write emailSent = true",
  "  Step 4: Write greeting = "Welcome back, Alice! Thanks for being a loyal member."",
]
`;
