// Vitest Snapshot v1, https://vitest.dev/guide/snapshot.html

exports[`Loan Application — quick-start > high-risk applicant gets rejected with reason list — narrative matches snapshot 1`] = `
[
  "Stage 1: The process began: Ingest the loan application.",
  "Stage 2: Next step: Retrieve credit score.",
  "  Step 1: Write creditTier = "fair"",
  "  Step 2: Write creditFlags = (1 item)",
  "Stage 3: Next step: Compute debt-to-income ratio.",
  "  Step 1: Write dtiRatio = 0.6",
  "  Step 2: Write dtiPercent = 60",
  "  Step 3: Write dtiStatus = "excessive"",
  "  Step 4: Write dtiFlags = (1 item)",
  "Stage 4: Next step: Confirm employment status.",
  "  Step 1: Write employmentVerified = true",
  "  Step 2: Write employmentFlags = (1 item)",
  "Stage 5: Next step: Evaluate risk tier.",
  "  Step 1: Read employmentVerified = true",
  "  Step 2: Read dtiStatus = "excessive"",
  "  Step 3: Write riskTier = "high"",
  "  Step 4: Read creditFlags = (1 item)",
  "  Step 5: Read dtiFlags = (1 item)",
  "  Step 6: Read employmentFlags = (1 item)",
  "  Step 7: Write riskFactors = (3 items)",
  "Stage 6: Next step: Route to approval or rejection.",
  "  Step 1: Read riskTier = "high"",
  "  Step 2: Read riskTier = "high"",
  "  [Condition]: It evaluated Rule 1 "High risk": riskTier "high" eq "high" ✓, and chose RejectApplication.",
  "Stage 7: Next step: Generate rejection.",
  "  Step 1: Read riskFactors = (3 items)",
  "  Step 2: Write decision = "Bob Martinez: REJECTED — below-average credit; DTI at 60% exceeds 43%; Self-e..."",
]
`;

exports[`Loan Application — quick-start > low-risk applicant gets approved — narrative matches snapshot 1`] = `
[
  "Stage 1: The process began: Ingest the loan application.",
  "Stage 2: Next step: Retrieve credit score.",
  "  Step 1: Write creditTier = "excellent"",
  "  Step 2: Write creditFlags = []",
  "Stage 3: Next step: Compute debt-to-income ratio.",
  "  Step 1: Write dtiRatio = 0.15",
  "  Step 2: Write dtiPercent = 15",
  "  Step 3: Write dtiStatus = "healthy"",
  "  Step 4: Write dtiFlags = []",
  "Stage 4: Next step: Confirm employment status.",
  "  Step 1: Write employmentVerified = true",
  "  Step 2: Write employmentFlags = []",
  "Stage 5: Next step: Evaluate risk tier.",
  "  Step 1: Read employmentVerified = true",
  "  Step 2: Read dtiStatus = "healthy"",
  "  Step 3: Read creditTier = "excellent"",
  "  Step 4: Write riskTier = "low"",
  "  Step 5: Read creditFlags = []",
  "  Step 6: Read dtiFlags = []",
  "  Step 7: Read employmentFlags = []",
  "  Step 8: Write riskFactors = []",
  "Stage 6: Next step: Route to approval or rejection.",
  "  Step 1: Read riskTier = "low"",
  "  [Condition]: It evaluated Rule 0 "Low risk": riskTier "low" eq "low" ✓, and chose ApproveApplication.",
  "Stage 7: Next step: Generate approval.",
  "  Step 1: Write decision = "Alice Chen: APPROVED"",
]
`;
