// Vitest Snapshot v1, https://vitest.dev/guide/snapshot.html

exports[`Subflow PII Boundary — features/17-subflow-redaction > narrative matches snapshot 1`] = `
[
  "Stage 1: The process began with CreateOrder.",
  "  Step 1: Write orderId = "ORD-100"",
  "  Step 2: Write total = 149.99",
  "  Step 3: Write cardLast4 = "1111"",
  "  Step 4: Write status = "pending"",
  "Entering the ProcessPayment subflow: Capture and redact the full card number.",
  "Stage 1: The process began: Capture and redact the full card number.",
  "  Step 1: Write cardNumber = "[REDACTED]"",
  "Stage 2: Next step: Charge the customer card.",
  "  Step 1: Read cardNumber = "[REDACTED]"",
  "  Step 2: Write charged = true",
  "  Step 3: Write transactionId = "TXN-SNAPSHOT-SAFE"",
  "Exiting the ProcessPayment subflow.",
  "Stage 2: Next step: Finalize order status.",
  "  Step 1: Read charged = true",
  "  Step 2: Write status = "confirmed"",
]
`;
